// Jest Snapshot v1, https://goo.gl/fbAQLP

exports[`WorkspaceList should render as expected 1`] = `
Array [
  <div
    style={
        Object {
            "alignItems": "center",
            "backgroundColor": "white",
            "display": "flex",
            "flex": "none",
            "padding": "1rem",
          }
    }
>
    <clr-icon
        onClick={[Function]}
        shape="bars"
        size={36}
        style={
            Object {
                "color": "#8b5f95",
                "cursor": "pointer",
                "marginRight": "2rem",
              }
        }
    />
    <a
        href={undefined}
        style={
            Object {
                "alignItems": "center",
                "color": "#224f83",
                "display": "flex",
                "fontSize": 22,
                "fontWeight": 500,
                "textDecoration": "none",
                "textTransform": "uppercase",
              }
        }
    >
        <clr-icon
            shape="logoIcon"
            size={48}
            style={
                Object {
                    "marginRight": "0.5rem",
                  }
            }
        />
        <div>
            <div
                style={
                    Object {
                        "color": "#8299a5",
                        "fontSize": "0.8rem",
                        "marginLeft": "0.1rem",
                      }
                }
            >
                Saturn
            </div>
            Projects
        </div>
    </a>
    <div
        style={
            Object {
                "borderBottom": "1px solid black",
                "display": "flex",
                "flexGrow": 1,
                "marginLeft": "2rem",
                "maxWidth": 500,
                "padding": "0.5rem 0",
              }
        }
    >
        <clr-icon
            shape="search"
        />
        <input
            onChange={[Function]}
            placeholder="SEARCH BIOSPHERE"
            style={
                Object {
                    "border": "none",
                    "flexGrow": 1,
                    "marginLeft": "1rem",
                    "outline": "none",
                    "verticalAlign": "bottom",
                  }
            }
            value=""
        />
    </div>
    <a
        onBlur={[Function]}
        onDragEnd={[Function]}
        onDragStart={[Function]}
        onFocus={[Function]}
        onKeyDown={[Function]}
        onKeyUp={[Function]}
        onMouseDown={[Function]}
        onMouseEnter={[Function]}
        onMouseLeave={[Function]}
        onMouseMove={[Function]}
        onMouseUp={[Function]}
        style={
            Object {
                "color": "#478eba",
                "cursor": "pointer",
                "flexShrink": 0,
                "marginLeft": "auto",
                "outline": 0,
                "outlineOffset": 0,
                "textDecoration": "none",
              }
        }
    >
        Sign out
    </a>
</div>,
  <div
    style={
        Object {
            "alignItems": "center",
            "backgroundColor": "#5faee0",
            "color": "#bde5ff",
            "display": "flex",
            "fontWeight": 500,
            "height": "3.75rem",
            "padding": "0 1rem",
          }
    }
>
    PROJECTS
    <clr-icon
        shape="angle right"
        size={10}
        style={
            Object {
                "margin": "0 0.25rem",
              }
        }
    />
    A - Z
    <div
        style={
            Object {
                "flexGrow": 1,
              }
        }
    />
    <clr-icon
        onClick={[Function]}
        shape="view-cards"
        style={
            Object {
                "boxShadow": "0 4px 0 #bfd5e3",
                "cursor": "pointer",
                "height": 22,
                "marginRight": "1rem",
                "width": 26,
              }
        }
    />
    <clr-icon
        onClick={[Function]}
        shape="view-list"
        size={26}
        style={
            Object {
                "boxShadow": null,
                "cursor": "pointer",
              }
        }
    />
</div>,
  <div
    style={
        Object {
            "flexGrow": 1,
            "padding": "1rem",
            "position": "relative",
            "width": "100%",
          }
    }
>
    <div
        style={
            Object {
                "display": "flex",
              }
        }
    >
        <button
            onBlur={[Function]}
            onClick={[Function]}
            onDragEnd={[Function]}
            onDragStart={[Function]}
            onFocus={[Function]}
            onKeyDown={[Function]}
            onKeyUp={[Function]}
            onMouseDown={[Function]}
            onMouseEnter={[Function]}
            onMouseLeave={[Function]}
            onMouseMove={[Function]}
            onMouseUp={[Function]}
            style={
                Object {
                    "backgroundColor": "#478eba",
                    "border": "none",
                    "borderRadius": 5,
                    "color": "white",
                    "cursor": "pointer",
                    "fontSize": 14,
                    "fontWeight": 500,
                    "height": "2.25rem",
                    "marginLeft": "auto",
                    "outline": 0,
                    "outlineOffset": 0,
                    "padding": "0 1.5rem",
                    "textTransform": "uppercase",
                  }
            }
            tabIndex="0"
        >
            New project
        </button>
    </div>
    <div
        style={
            Object {
                "margin": "auto",
                "maxWidth": 1000,
              }
        }
    >
        <div
            style={
                Object {
                    "display": "flex",
                    "flexWrap": "wrap",
                  }
            }
        >
            <a
                href={undefined}
                style={
                    Object {
                        "backgroundColor": "white",
                        "borderRadius": 5,
                        "boxShadow": "0 3px 2px 0 rgba(0,0,0,0.12)",
                        "color": "#4a4a4a",
                        "display": "flex",
                        "flexDirection": "column",
                        "height": 225,
                        "justifyContent": "space-between",
                        "margin": "1.25rem",
                        "padding": "1rem",
                        "textDecoration": "none",
                        "width": "calc(33.333333333333336% - 2.5rem)",
                        "wordWrap": "break-word",
                      }
                }
            >
                <div
                    style={
                        Object {
                            "color": "#478eba",
                            "fontSize": 16,
                            "fontWeight": 500,
                          }
                    }
                >
                    large_sample_copy
                </div>
                <div>
                    Billing project: broad-dsde-dev
                </div>
                <div
                    style={
                        Object {
                            "alignItems": "flex-end",
                            "display": "flex",
                            "fontSize": "0.8rem",
                            "justifyContent": "space-between",
                          }
                    }
                >
                    <div>
                        Last changed:
                        <div>
                            ***MOCKED DATE***
                        </div>
                    </div>
                    <div
                        style={
                            Object {
                                "backgroundColor": "#8b5f95",
                                "borderRadius": "1.5rem",
                                "color": "white",
                                "height": "1.5rem",
                                "lineHeight": "1.5rem",
                                "textAlign": "center",
                                "width": "1.5rem",
                              }
                        }
                        title="alice@example.com"
                    >
                        A
                    </div>
                </div>
            </a>
            <a
                href={undefined}
                style={
                    Object {
                        "backgroundColor": "white",
                        "borderRadius": 5,
                        "boxShadow": "0 3px 2px 0 rgba(0,0,0,0.12)",
                        "color": "#4a4a4a",
                        "display": "flex",
                        "flexDirection": "column",
                        "height": 225,
                        "justifyContent": "space-between",
                        "margin": "1.25rem",
                        "padding": "1rem",
                        "textDecoration": "none",
                        "width": "calc(33.333333333333336% - 2.5rem)",
                        "wordWrap": "break-word",
                      }
                }
            >
                <div
                    style={
                        Object {
                            "color": "#478eba",
                            "fontSize": 16,
                            "fontWeight": 500,
                          }
                    }
                >
                    large_sample_copy
                </div>
                <div>
                    Billing project: broad-dsde-dev
                </div>
                <div
                    style={
                        Object {
                            "alignItems": "flex-end",
                            "display": "flex",
                            "fontSize": "0.8rem",
                            "justifyContent": "space-between",
                          }
                    }
                >
                    <div>
                        Last changed:
                        <div>
                            ***MOCKED DATE***
                        </div>
                    </div>
                    <div
                        style={
                            Object {
                                "backgroundColor": "#8b5f95",
                                "borderRadius": "1.5rem",
                                "color": "white",
                                "height": "1.5rem",
                                "lineHeight": "1.5rem",
                                "textAlign": "center",
                                "width": "1.5rem",
                              }
                        }
                        title="alice@example.com"
                    >
                        A
                    </div>
                </div>
            </a>
        </div>
        <div
            style={
                Object {
                    "marginTop": 10,
                  }
            }
        >
            <div>
                <div
                    style={
                        Object {
                            "alignItems": "center",
                            "display": "flex",
                            "justifyContent": "flex-end",
                            "marginRight": "1rem",
                          }
                    }
                >
                    1 - 2 of 2
                    <div
                        style={
                            Object {
                                "display": "inline-flex",
                                "padding": "0.25rem 1rem",
                              }
                        }
                    >
                        <button
                            disabled={true}
                            onClick={[Function]}
                            style={
                                Object {
                                    "backgroundColor": "white",
                                    "border": "1px solid #ccc",
                                    "borderRadius": 3,
                                    "color": "#9b9b9b",
                                    "cursor": "not-allowed",
                                    "margin": "0 2px",
                                    "marginRight": "0.5rem",
                                    "padding": "0.25rem 0.5rem",
                                  }
                            }
                        >
                            <clr-icon
                                shape="angle-double left"
                                size={12}
                            />
                        </button>
                        <button
                            disabled={true}
                            onClick={[Function]}
                            style={
                                Object {
                                    "backgroundColor": "white",
                                    "border": "1px solid #ccc",
                                    "borderRadius": 3,
                                    "color": "#9b9b9b",
                                    "cursor": "not-allowed",
                                    "margin": "0 2px",
                                    "marginRight": "1rem",
                                    "padding": "0.25rem 0.5rem",
                                  }
                            }
                        >
                            <clr-icon
                                shape="angle left"
                                size={12}
                            />
                        </button>
                        <button
                            onClick={[Function]}
                            style={
                                Object {
                                    "backgroundColor": "#5faee0",
                                    "border": "#5faee0",
                                    "borderRadius": 3,
                                    "color": "white",
                                    "cursor": "pointer",
                                    "margin": "0 2px",
                                    "minWidth": "2rem",
                                    "padding": "0.25rem 0.5rem",
                                  }
                            }
                        >
                            1
                        </button>
                        <button
                            disabled={true}
                            onClick={[Function]}
                            style={
                                Object {
                                    "backgroundColor": "white",
                                    "border": "1px solid #ccc",
                                    "borderRadius": 3,
                                    "color": "#9b9b9b",
                                    "cursor": "not-allowed",
                                    "margin": "0 2px",
                                    "marginLeft": "1rem",
                                    "padding": "0.25rem 0.5rem",
                                  }
                            }
                        >
                            <clr-icon
                                shape="angle right"
                                size={12}
                            />
                        </button>
                        <button
                            disabled={true}
                            onClick={[Function]}
                            style={
                                Object {
                                    "backgroundColor": "white",
                                    "border": "1px solid #ccc",
                                    "borderRadius": 3,
                                    "color": "#9b9b9b",
                                    "cursor": "not-allowed",
                                    "margin": "0 2px",
                                    "marginLeft": "0.5rem",
                                    "padding": "0.25rem 0.5rem",
                                  }
                            }
                        >
                            <clr-icon
                                shape="angle-double right"
                                size={12}
                            />
                        </button>
                    </div>
                    Items per page:
                    <select
                        onChange={[Function]}
                        style={
                            Object {
                                "marginLeft": "0.5rem",
                              }
                        }
                        value={6}
                    >
                        <option
                            value={6}
                        >
                            6
                        </option>
                        <option
                            value={12}
                        >
                            12
                        </option>
                        <option
                            value={24}
                        >
                            24
                        </option>
                        <option
                            value={36}
                        >
                            36
                        </option>
                        <option
                            value={48}
                        >
                            48
                        </option>
                    </select>
                </div>
            </div>
        </div>
    </div>
</div>,
]
`;
